app/api/chat/session/route.ts(3,27): error TS6133: 'request' is declared but its value is never read.
app/api/legal/case/[itemId]/route.ts(6,3): error TS6133: 'request' is declared but its value is never read.
app/api/proxy/[...path]/route.ts(2,1): error TS6133: 'fs' is declared but its value is never read.
app/api/proxy/[...path]/route.ts(3,1): error TS6133: 'path' is declared but its value is never read.
app/api/resource-proxy/route.ts(10,31): error TS6133: 'req' is declared but its value is never read.
app/api/webhooks/calendar/route.ts(1,1): error TS6133: 'NextResponse' is declared but its value is never read.
app/auth/forgot-password/page.tsx(1,1): error TS6133: 'BackButton' is declared but its value is never read.
app/calendar/page.tsx(11,3): error TS6133: 'Menu' is declared but its value is never read.
app/calendar/page.tsx(32,1): error TS6133: 'ASSETS' is declared but its value is never read.
app/calendar/page.tsx(247,9): error TS6198: All destructured elements are unused.
app/calendar/page.tsx(290,10): error TS6133: 'isRefreshing' is declared but its value is never read.
app/calendar/page.tsx(290,24): error TS6133: 'setIsRefreshing' is declared but its value is never read.
app/calendar/page.tsx(432,10): error TS6133: 'emailError' is declared but its value is never read.
app/calendar/page.tsx(434,10): error TS6133: 'submitted' is declared but its value is never read.
app/calendar/page.tsx(434,21): error TS6133: 'setSubmitted' is declared but its value is never read.
app/calendar/page.tsx(873,9): error TS6133: 'highlightedDates' is declared but its value is never read.
app/calendar/page.tsx(922,9): error TS6133: 'eventDatesThisMonth' is declared but its value is never read.
app/cases/page.tsx(3,8): error TS6133: 'React' is declared but its value is never read.
app/cases/page.tsx(7,33): error TS6133: 'FileText' is declared but its value is never read.
app/documents/page.tsx(6,64): error TS6133: 'CheckCircle' is declared but its value is never read.
app/documents/page.tsx(6,77): error TS6133: 'AlertCircle' is declared but its value is never read.
app/documents/page.tsx(10,1): error TS6133: 'ASSETS' is declared but its value is never read.
app/documents/page.tsx(12,1): error TS6133: 'uploadAndAnalyzeDocument' is declared but its value is never read.
app/documents/page.tsx(31,11): error TS6133: 'isSidebarOpen' is declared but its value is never read.
app/documents/page.tsx(31,26): error TS6133: 'setIsSidebarOpen' is declared but its value is never read.
app/documents/page.tsx(31,71): error TS6133: 'recentConsultations' is declared but its value is never read.
app/documents/page.tsx(36,23): error TS6133: 'setIsUploading' is declared but its value is never read.
app/documents/page.tsx(37,24): error TS6133: 'setUploadStatus' is declared but its value is never read.
app/not-found.tsx(5,10): error TS6133: 'ASSETS' is declared but its value is never read.
app/not-found.tsx(6,16): error TS6133: 'Scale' is declared but its value is never read.
app/page.tsx(4,1): error TS6133: 'React' is declared but its value is never read.
app/sources/[itemId]/page.tsx(8,1): error TS6133: 'COLORS' is declared but its value is never read.
app/sources/[itemId]/page.tsx(48,9): error TS6133: 'isCase' is declared but its value is never read.
app/transcribe/page.tsx(3,1): error TS6133: 'React' is declared but its value is never read.
components/app-sidebar.tsx(6,36): error TS6133: 'X' is declared but its value is never read.
components/auth/auth-background.tsx(1,1): error TS6133: 'React' is declared but its value is never read.
components/auth/auth-background.tsx(2,1): error TS6133: 'motion' is declared but its value is never read.
components/auth/auth-background.tsx(3,1): error TS6133: 'ASSETS' is declared but its value is never read.
components/auth/shared/auth-header.tsx(3,1): error TS6133: 'React' is declared but its value is never read.
components/auth/shared/auth-header.tsx(18,3): error TS6133: 'iconColor' is declared but its value is never read.
components/auth/shared/auth-layout.tsx(5,1): error TS6133: 'ASSETS' is declared but its value is never read.
components/auth/sign-up-success-modal.tsx(3,1): error TS6133: 'React' is declared but its value is never read.
components/auth/sign-up-success-modal.tsx(6,1): error TS6133: 'COLORS' is declared but its value is never read.
components/bookmarks-modal.tsx(5,55): error TS6133: 'BookOpen' is declared but its value is never read.
components/bookmarks-modal.tsx(5,65): error TS6133: 'Gavel' is declared but its value is never read.
components/bookmarks-modal.tsx(5,72): error TS6133: 'ExternalLink' is declared but its value is never read.
components/bookmarks-modal.tsx(56,43): error TS6133: 'consultationId' is declared but its value is never read.
components/branding/ill-logo.tsx(3,1): error TS6133: 'React' is declared but its value is never read.
components/chat-conversation-demo.tsx(3,8): error TS6133: 'React' is declared but its value is never read.
components/chat-conversation-demo.tsx(5,10): error TS6133: 'Send' is declared but its value is never read.
components/chat-conversation-demo.tsx(5,29): error TS6133: 'Sparkles' is declared but its value is never read.
components/consultation.tsx(3,39): error TS6133: 'useCallback' is declared but its value is never read.
components/consultation.tsx(8,3): error TS6133: 'History' is declared but its value is never read.
components/consultation.tsx(14,3): error TS6133: 'PenTool' is declared but its value is never read.
components/consultation.tsx(17,15): error TS6133: 'FileIcon' is declared but its value is never read.
components/consultation.tsx(26,1): error TS6133: 'AppSidebar' is declared but its value is never read.
components/consultation.tsx(27,23): error TS6133: 'STORAGE_KEYS' is declared but its value is never read.
components/consultation.tsx(27,37): error TS6133: 'ASSETS' is declared but its value is never read.
components/consultation.tsx(28,10): error TS6133: 'uploadAndAnalyzeDocument' is declared but its value is never read.
components/consultation.tsx(29,1): error TS6133: 'Conversation' is declared but its value is never read.
components/consultation.tsx(34,28): error TS6133: 'Message' is declared but its value is never read.
components/consultation.tsx(40,1): error TS6133: 'ConsultationHeader' is declared but its value is never read.
components/consultation.tsx(41,1): error TS6133: 'QuickQuestions' is declared but its value is never read.
components/consultation.tsx(56,1): error TS6133: 'synthesizeSpeech' is declared but its value is never read.
components/consultation.tsx(60,9): error TS6133: 'emailTextareaRef' is declared but its value is never read.
components/consultation.tsx(61,9): error TS6133: 'scheduleTextareaRef' is declared but its value is never read.
components/consultation.tsx(79,5): error TS6133: 'setMessages' is declared but its value is never read.
components/consultation.tsx(83,5): error TS6133: 'handleLoadConsultation' is declared but its value is never read.
components/consultation.tsx(102,5): error TS6133: 'analyzeDocuments' is declared but its value is never read.
components/consultation.tsx(103,5): error TS6133: 'isRecording' is declared but its value is never read.
components/consultation.tsx(104,5): error TS6133: 'recordingTime' is declared but its value is never read.
components/consultation.tsx(105,5): error TS6133: 'stopRecording' is declared but its value is never read.
components/consultation.tsx(106,5): error TS6133: 'formatTime' is declared but its value is never read.
components/consultation.tsx(305,5): error TS6133: 'draftedEventId' is declared but its value is never read.
components/consultation.tsx(306,20): error TS6133: 'setScheduleError' is declared but its value is never read.
components/consultation.tsx(309,10): error TS6133: 'isSpeaking' is declared but its value is never read.
components/consultation.tsx(309,22): error TS6133: 'setIsSpeaking' is declared but its value is never read.
components/consultation/case-invite-button.tsx(3,8): error TS6133: 'React' is declared but its value is never read.
components/consultation/chat-input.tsx(8,1): error TS6133: 'COLORS' is declared but its value is never read.
components/consultation/chat-input.tsx(39,3): error TS6133: 'onVoiceModeToggle' is declared but its value is never read.
components/consultation/consultation-header.tsx(5,21): error TS6133: 'ChevronLeft' is declared but its value is never read.
components/consultation/consultation-header.tsx(32,9): error TS6133: 'router' is declared but its value is never read.
components/consultation/document-analyzer.tsx(33,10): error TS6133: 'formatBytes' is declared but its value is never read.
components/consultation/edit-message-form.tsx(1,8): error TS6133: 'React' is declared but its value is never read.
components/consultation/message-list/ai-response-tabs.tsx(1,1): error TS6133: 'React' is declared but its value is never read.
components/consultation/message-list/ai-response-tabs.tsx(25,15): error TS6133: 'count' is declared but its value is never read.
components/consultation/message-list/constants.ts(1,17): error TS6133: 'Mail' is declared but its value is never read.
components/consultation/message-list/constants.ts(1,23): error TS6133: 'Calendar' is declared but its value is never read.
components/consultation/message-list/constants.ts(1,33): error TS6133: 'BookOpen' is declared but its value is never read.
components/consultation/message-list/constants.ts(1,50): error TS6133: 'History' is declared but its value is never read.
components/consultation/message-list/constants.ts(1,59): error TS6133: 'GitGraph' is declared but its value is never read.
components/consultation/message-list/index.tsx(1,8): error TS6133: 'React' is declared but its value is never read.
components/consultation/message-list/message-item.tsx(2,55): error TS6133: 'Trash2' is declared but its value is never read.
components/consultation/message-list/message-item.tsx(2,73): error TS6133: 'History' is declared but its value is never read.
components/consultation/message-list/message-item.tsx(2,82): error TS6133: 'GitGraph' is declared but its value is never read.
components/consultation/message-list/message-item.tsx(58,3): error TS6133: 'onDelete' is declared but its value is never read.
components/consultation/message-list/message-item.tsx(59,3): error TS6133: 'onSourceClick' is declared but its value is never read.
components/consultation/message-list/message-item.tsx(66,3): error TS6133: 'session' is declared but its value is never read.
components/consultation/message-list/voice-note-section.tsx(2,25): error TS6133: 'X' is declared but its value is never read.
components/consultation/message-list/voice-note-section.tsx(5,1): error TS6133: 'formatS3Url' is declared but its value is never read.
components/consultation/message-list/voice-note-section.tsx(21,3): error TS6133: 'onStartRecording' is declared but its value is never read.
components/consultation/mind-map/custom-node.tsx(1,8): error TS6133: 'React' is declared but its value is never read.
components/consultation/mind-map/index.tsx(9,3): error TS6133: 'Controls' is declared but its value is never read.
components/consultation/mind-map/index.tsx(20,10): error TS6133: 'Undo2' is declared but its value is never read.
components/consultation/mind-map/index.tsx(20,35): error TS6133: 'Palette' is declared but its value is never read.
components/consultation/mind-map/index.tsx(20,97): error TS6133: 'Lock' is declared but its value is never read.
components/consultation/mind-map/index.tsx(20,103): error TS6133: 'Unlock' is declared but its value is never read.
components/consultation/mind-map/index.tsx(20,111): error TS6133: 'ChevronUp' is declared but its value is never read.
components/consultation/mind-map/index.tsx(20,125): error TS6133: 'FileText' is declared but its value is never read.
components/consultation/mind-map/index.tsx(22,10): error TS6133: 'MIND_MAP_COLORS' is declared but its value is never read.
components/consultation/mind-map/index.tsx(66,17): error TS6133: 'setTheme' is declared but its value is never read.
components/consultation/mind-map/index.tsx(502,9): error TS6133: 'undo' is declared but its value is never read.
components/consultation/mind-map/mind-map-3d.tsx(89,11): error TS6133: 'getChildren' is declared but its value is never read.
components/consultation/note-sidebar.tsx(3,8): error TS6133: 'React' is declared but its value is never read.
components/consultation/quick-questions.tsx(3,1): error TS6133: 'React' is declared but its value is never read.
components/consultation/quick-questions.tsx(5,1): error TS6133: 'COLORS' is declared but its value is never read.
components/consultation/recording-conflict-modal.tsx(3,1): error TS6133: 'React' is declared but its value is never read.
components/consultation/recording-conflict-modal.tsx(4,18): error TS6133: 'AnimatePresence' is declared but its value is never read.
components/consultation/source-detail-sidebar.tsx(3,8): error TS6133: 'React' is declared but its value is never read.
components/consultation/source-detail-sidebar.tsx(3,38): error TS6133: 'useCallback' is declared but its value is never read.
components/consultation/source-detail-sidebar.tsx(5,68): error TS6133: 'Download' is declared but its value is never read.
components/consultation/source-detail-sidebar.tsx(13,1): error TS6133: 'useAuth' is declared but its value is never read.
components/consultation/use-consultation-state.ts(41,3): error TS6133: 'handleSendMessage' is declared but its value is never read.
components/consultation/use-consultation-state.ts(42,3): error TS6133: 'onTabChange' is declared but its value is never read.
components/consultation/use-consultation-state.ts(204,11): error TS6133: 'dateStr' is declared but its value is never read.
components/consultation/use-consultation-state.ts(207,11): error TS6133: 'timeStr' is declared but its value is never read.
components/consultation/use-consultation-state.ts(685,32): error TS6133: 'i' is declared but its value is never read.
components/consultation/use-consultation-state.ts(978,13): error TS6133: 'nodeDesc' is declared but its value is never read.
components/conversation-provider.tsx(8,3): error TS6133: 'useMemo' is declared but its value is never read.
components/conversation-provider.tsx(26,8): error TS6133: 'ConversationContextType' is declared but its value is never read.
components/conversation-provider.tsx(464,44): error TS6133: 'abortControllerRef' is declared but its value is never read.
components/conversation-provider/use-send-message.ts(2,23): error TS6133: 'S3_CONFIG' is declared but its value is never read.
components/conversation-provider/use-send-message.ts(3,85): error TS6133: 'cleanAiText' is declared but its value is never read.
components/create-case-modal.tsx(5,10): error TS6133: 'X' is declared but its value is never read.
components/create-case-modal.tsx(5,13): error TS6133: 'Mic' is declared but its value is never read.
components/create-case-modal.tsx(5,18): error TS6133: 'StopCircle' is declared but its value is never read.
components/create-case-modal.tsx(5,30): error TS6133: 'Briefcase' is declared but its value is never read.
components/create-case-modal.tsx(5,50): error TS6133: 'Play' is declared but its value is never read.
components/create-case-modal.tsx(5,56): error TS6133: 'Pause' is declared but its value is never read.
components/create-case-modal.tsx(5,63): error TS6133: 'Trash2' is declared but its value is never read.
components/create-case-modal.tsx(5,71): error TS6133: 'Volume2' is declared but its value is never read.
components/create-case-modal.tsx(19,1): error TS6192: All imports in import declaration are unused.
components/create-case/audio-player.tsx(1,35): error TS6133: 'useEffect' is declared but its value is never read.
components/create-case/header.tsx(3,1): error TS6133: 'React' is declared but its value is never read.
components/create-case/party-input-list.tsx(3,17): error TS6133: 'useRef' is declared but its value is never read.
components/create-case/party-input-list.tsx(3,25): error TS6133: 'useEffect' is declared but its value is never read.
components/create-case/recording-buttons.tsx(1,1): error TS6133: 'React' is declared but its value is never read.
components/create-case/recording-buttons.tsx(2,15): error TS6133: 'StopCircle' is declared but its value is never read.
components/footer-default.tsx(3,1): error TS6133: 'React' is declared but its value is never read.
components/footer-default.tsx(5,25): error TS6133: 'FileText' is declared but its value is never read.
components/footer-default.tsx(5,35): error TS6133: 'LayoutGrid' is declared but its value is never read.
components/forgot-password-form.tsx(6,16): error TS6133: 'Mail' is declared but its value is never read.
components/global-recorder.tsx(3,1): error TS6133: 'React' is declared but its value is never read.
components/header-default.tsx(6,18): error TS6133: 'BRAND' is declared but its value is never read.
components/landing-page.tsx(1,1): error TS6133: 'React' is declared but its value is never read.
components/landing/capabilities-section.tsx(3,1): error TS6133: 'React' is declared but its value is never read.
components/landing/capabilities-section.tsx(6,48): error TS6133: 'Briefcase' is declared but its value is never read.
components/landing/capabilities-section.tsx(6,59): error TS6133: 'BookOpen' is declared but its value is never read.
components/landing/demo-section.tsx(3,1): error TS6133: 'React' is declared but its value is never read.
components/landing/hero-section.tsx(3,1): error TS6133: 'React' is declared but its value is never read.
components/landing/hero-section.tsx(13,31): error TS6133: 'onStartConsultation' is declared but its value is never read.
components/landing/how-it-works-section.tsx(3,1): error TS6133: 'React' is declared but its value is never read.
components/landing/how-it-works-section.tsx(66,24): error TS6133: 'i' is declared but its value is never read.
components/landing/legal-wizard.tsx(4,13): error TS6133: 'ArrowLeft' is declared but its value is never read.
components/landing/legal-wizard.tsx(4,24): error TS6133: 'ArrowRight' is declared but its value is never read.
components/landing/legal-wizard.tsx(4,36): error TS6133: 'Check' is declared but its value is never read.
components/landing/trust-section.tsx(3,1): error TS6133: 'React' is declared but its value is never read.
components/landing/trust-section.tsx(5,32): error TS6133: 'ShieldCheck' is declared but its value is never read.
components/landing/why-choose-section.tsx(3,8): error TS6133: 'React' is declared but its value is never read.
components/landing/why-choose-section.tsx(76,26): error TS6133: 'i' is declared but its value is never read.
components/onboarding-page.tsx(3,8): error TS6133: 'React' is declared but its value is never read.
components/onboarding-page.tsx(6,18): error TS6133: 'AnimatePresence' is declared but its value is never read.
components/onboarding-page.tsx(23,9): error TS6133: 'loggedIn' is declared but its value is never read.
components/onboarding-page.tsx(24,10): error TS6133: 'activeAngle' is declared but its value is never read.
components/onboarding-page.tsx(26,9): error TS6133: 'getAngleImage' is declared but its value is never read.
components/persistent-sidebar.tsx(3,1): error TS6133: 'React' is declared but its value is never read.
components/resources-section.tsx(3,1): error TS6133: 'React' is declared but its value is never read.
components/settings/profile-settings.tsx(3,8): error TS6133: 'React' is declared but its value is never read.
components/sidebar/scroll-to-top.tsx(3,1): error TS6133: 'React' is declared but its value is never read.
components/sidebar/sidebar-item.tsx(7,41): error TS6133: 'Check' is declared but its value is never read.
components/sidebar/sidebar-item.tsx(7,48): error TS6133: 'X' is declared but its value is never read.
components/sidebar/sidebar-nav.tsx(4,1): error TS6133: 'React' is declared but its value is never read.
components/sidebar/sidebar-profile.tsx(3,1): error TS6133: 'React' is declared but its value is never read.
components/transcribe/transcribe-workspace.tsx(5,42): error TS6133: 'Divide' is declared but its value is never read.
components/transcribe/transcribe-workspace.tsx(5,50): error TS6133: 'ZoomIn' is declared but its value is never read.
components/transcribe/transcribe-workspace.tsx(5,58): error TS6133: 'ZoomOut' is declared but its value is never read.
components/transcribe/transcribe-workspace.tsx(5,67): error TS6133: 'Bookmark' is declared but its value is never read.
components/transcribe/transcribe-workspace.tsx(6,3): error TS6133: 'Wand2' is declared but its value is never read.
components/transcribe/transcribe-workspace.tsx(6,10): error TS6133: 'Scissors' is declared but its value is never read.
components/transcribe/transcribe-workspace.tsx(6,20): error TS6133: 'Settings2' is declared but its value is never read.
components/transcribe/transcribe-workspace.tsx(6,31): error TS6133: 'Subtitles' is declared but its value is never read.
components/transcribe/transcribe-workspace.tsx(6,42): error TS6133: 'Video' is declared but its value is never read.
components/transcribe/transcribe-workspace.tsx(6,60): error TS6133: 'Users' is declared but its value is never read.
components/transcribe/transcribe-workspace.tsx(6,76): error TS6133: 'ImageIcon' is declared but its value is never read.
components/transcribe/transcribe-workspace.tsx(7,25): error TS6133: 'Layout' is declared but its value is never read.
components/transcribe/transcribe-workspace.tsx(7,33): error TS6133: 'Menu' is declared but its value is never read.
components/transcribe/transcribe-workspace.tsx(19,1): error TS6133: 'autoTable' is declared but its value is never read.
components/transcribe/transcribe-workspace.tsx(64,45): error TS6198: All destructured elements are unused.
components/transcribe/transcribe-workspace.tsx(77,10): error TS6133: 'showExportMenu' is declared but its value is never read.
components/transcribe/transcribe-workspace.tsx(466,9): error TS6133: 'getParsedTranscript' is declared but its value is never read.
components/transcribe/transcribe-workspace.tsx(678,58): error TS2345: Argument of type 'Uint8Array<ArrayBufferLike>' is not assignable to parameter of type 'Uint8Array<ArrayBuffer>'.
  Type 'ArrayBufferLike' is not assignable to type 'ArrayBuffer'.
    Type 'SharedArrayBuffer' is missing the following properties from type 'ArrayBuffer': resizable, resize, detached, transfer, transferToFixedLength
components/ui/datebox.tsx(24,34): error TS6133: 'min' is declared but its value is never read.
components/ui/html-renderer.tsx(1,1): error TS6133: 'React' is declared but its value is never read.
components/ui/page-layout.tsx(4,18): error TS6133: 'AnimatePresence' is declared but its value is never read.
components/ui/page-layout.tsx(5,1): error TS6133: 'AppSidebar' is declared but its value is never read.
components/ui/page-layout.tsx(6,1): error TS6133: 'ASSETS' is declared but its value is never read.
components/ui/page-layout.tsx(30,3): error TS6133: 'activePage' is declared but its value is never read.
components/ui/page-layout.tsx(34,3): error TS6133: 'recentItems' is declared but its value is never read.
components/ui/page-layout.tsx(35,3): error TS6133: 'recentLabel' is declared but its value is never read.
components/ui/page-layout.tsx(36,3): error TS6133: 'onNewItem' is declared but its value is never read.
components/ui/page-layout.tsx(37,3): error TS6133: 'newItemLabel' is declared but its value is never read.
components/ui/page-layout.tsx(41,3): error TS6133: 'showSidebar' is declared but its value is never read.
components/ui/persistent-background.tsx(3,8): error TS6133: 'React' is declared but its value is never read.
components/ui/timeline.tsx(2,8): error TS6133: 'React' is declared but its value is never read.
lib/aws-polly-utils.ts(32,52): error TS6133: 'match' is declared but its value is never read.
lib/email-service.ts(37,3): error TS6133: 'siteUrl' is declared but its value is never read.
lib/email-service.ts(253,11): error TS6133: 'endDate' is declared but its value is never read.
lib/legal-content-fetcher.ts(310,11): error TS6133: 'sectionNum' is declared but its value is never read.
lib/s3-utils.ts(1,1): error TS6192: All imports in import declaration are unused.
lib/s3-utils.ts(49,60): error TS6133: 'apiUrl' is declared but its value is never read.
